00:00 +0: loading C:/Users/rodri/project/Elo/elo/test/screens/bens/bens_screen_test.dart
00:00 +0: (setUpAll)
00:00 +0: BensScreen displays correct title "Patrim├┤nio Pessoal"
ΓòÉΓòÉΓòí EXCEPTION CAUGHT BY WIDGETS LIBRARY Γò₧ΓòÉΓòÉΓòÉΓòÉΓòÉΓòÉΓòÉΓòÉΓòÉΓòÉΓòÉΓòÉΓòÉΓòÉΓòÉΓòÉΓòÉΓòÉΓòÉΓòÉΓòÉΓòÉΓòÉΓòÉΓòÉΓòÉΓòÉΓòÉΓòÉΓòÉΓòÉΓòÉΓòÉΓòÉΓòÉΓòÉΓòÉΓòÉΓòÉΓòÉΓòÉΓòÉΓòÉΓòÉΓòÉΓòÉΓòÉΓòÉΓòÉΓòÉΓòÉΓòÉΓòÉΓòÉΓòÉΓòÉΓòÉΓòÉΓòÉ
The following ProviderNotFoundException was thrown building
_InheritedProviderScope<AssetsController?>:
Error: Could not find the correct Provider<AssetsEventBus> above this BensScreen Widget

This happens because you used a `BuildContext` that does not include the provider
of your choice. There are a few common scenarios:

- You added a new provider in your `main.dart` and performed a hot-reload.
  To fix, perform a hot-restart.

- The provider you are trying to read is in a different route.

  Providers are "scoped". So if you insert of provider inside a route, then
  other routes will not be able to access that provider.

- You used a `BuildContext` that is an ancestor of the provider you are trying to read.

  Make sure that BensScreen is under your MultiProvider/Provider<AssetsEventBus>.
  This usually happens when you are creating a provider and trying to read it immediately.

  For example, instead of:

  ```
  Widget build(BuildContext context) {
    return Provider<Example>(
      create: (_) => Example(),
      // Will throw a ProviderNotFoundError, because `context` is associated
      // to the widget that is the parent of `Provider<Example>`
      child: Text(context.watch<Example>().toString()),
    );
  }
  ```

  consider using `builder` like so:

  ```
  Widget build(BuildContext context) {
    return Provider<Example>(
      create: (_) => Example(),
      // we use `builder` to obtain a new `BuildContext` that has access to the provider
      builder: (context, child) {
        // No longer throws
        return Text(context.watch<Example>().toString());
      }
    );
  }
  ```

If none of these solutions work, consider asking for help on StackOverflow:
https://stackoverflow.com/questions/tagged/flutter

The relevant error-causing widget was:
  _InheritedProviderScope<AssetsController?>
  _InheritedProviderScope:file:///C:/Users/rodri/AppData/Local/Pub/Cache/hosted/pub.dev/provider-6.1.5+1/lib/src/inherited_provider.dart:164:12

When the exception was thrown, this was the stack:
#0      Provider._inheritedElementOf (package:provider/src/provider.dart:377:7)
#1      Provider.of (package:provider/src/provider.dart:327:30)
#2      _BensScreenState.initState (package:elo/screens/bens/bens_screen.dart:30:31)
#3      StatefulElement._firstBuild (package:flutter/src/widgets/framework.dart:5953:55)
#4      ComponentElement.mount (package:flutter/src/widgets/framework.dart:5796:5)
...     Normal element mounting (7 frames)
#11     _InheritedProviderScopeElement.mount (package:provider/src/inherited_provider.dart:424:11)
...     Normal element mounting (7 frames)
#18     SingleChildWidgetElementMixin.mount (package:nested/nested.dart:222:11)
...     Normal element mounting (260 frames)
#278    Element.inflateWidget (package:flutter/src/widgets/framework.dart:4590:20)
#279    MultiChildRenderObjectElement.inflateWidget (package:flutter/src/widgets/framework.dart:7269:36)
#280    MultiChildRenderObjectElement.mount (package:flutter/src/widgets/framework.dart:7285:32)
...     Normal element mounting (465 frames)
#745    Element.inflateWidget (package:flutter/src/widgets/framework.dart:4590:20)
#746    Element.updateChild (package:flutter/src/widgets/framework.dart:4053:20)
#747    ComponentElement.performRebuild (package:flutter/src/widgets/framework.dart:5844:16)
#748    Element.rebuild (package:flutter/src/widgets/framework.dart:5532:7)
#749    ProxyElement.update (package:flutter/src/widgets/framework.dart:6152:5)
#750    _InheritedNotifierElement.update (package:flutter/src/widgets/inherited_notifier.dart:108:11)
#751    Element.updateChild (package:flutter/src/widgets/framework.dart:4037:15)
#752    ComponentElement.performRebuild (package:flutter/src/widgets/framework.dart:5844:16)
#753    StatefulElement.performRebuild (package:flutter/src/widgets/framework.dart:5985:11)
#754    Element.rebuild (package:flutter/src/widgets/framework.dart:5532:7)
#755    StatefulElement.update (package:flutter/src/widgets/framework.dart:6010:5)
#756    Element.updateChild (package:flutter/src/widgets/framework.dart:4037:15)
#757    ComponentElement.performRebuild (package:flutter/src/widgets/framework.dart:5844:16)
#758    Element.rebuild (package:flutter/src/widgets/framework.dart:5532:7)
#759    ProxyElement.update (package:flutter/src/widgets/framework.dart:6152:5)
#760    _InheritedNotifierElement.update (package:flutter/src/widgets/inherited_notifier.dart:108:11)
#761    Element.updateChild (package:flutter/src/widgets/framework.dart:4037:15)
#762    ComponentElement.performRebuild (package:flutter/src/widgets/framework.dart:5844:16)
#763    StatefulElement.performRebuild (package:flutter/src/widgets/framework.dart:5985:11)
#764    Element.rebuild (package:flutter/src/widgets/framework.dart:5532:7)
#765    StatefulElement.update (package:flutter/src/widgets/framework.dart:6010:5)
#766    Element.updateChild (package:flutter/src/widgets/framework.dart:4037:15)
#767    ComponentElement.performRebuild (package:flutter/src/widgets/framework.dart:5844:16)
#768    StatefulElement.performRebuild (package:flutter/src/widgets/framework.dart:5985:11)
#769    Element.rebuild (package:flutter/src/widgets/framework.dart:5532:7)
#770    StatefulElement.update (package:flutter/src/widgets/framework.dart:6010:5)
#771    Element.updateChild (package:flutter/src/widgets/framework.dart:4037:15)
#772    ComponentElement.performRebuild (package:flutter/src/widgets/framework.dart:5844:16)
#773    Element.rebuild (package:flutter/src/widgets/framework.dart:5532:7)
#774    ProxyElement.update (package:flutter/src/widgets/framework.dart:6152:5)
#775    Element.updateChild (package:flutter/src/widgets/framework.dart:4037:15)
#776    ComponentElement.performRebuild (package:flutter/src/widgets/framework.dart:5844:16)
#777    StatefulElement.performRebuild (package:flutter/src/widgets/framework.dart:5985:11)
#778    Element.rebuild (package:flutter/src/widgets/framework.dart:5532:7)
#779    StatefulElement.update (package:flutter/src/widgets/framework.dart:6010:5)
#780    Element.updateChild (package:flutter/src/widgets/framework.dart:4037:15)
#781    ComponentElement.performRebuild (package:flutter/src/widgets/framework.dart:5844:16)
#782    Element.rebuild (package:flutter/src/widgets/framework.dart:5532:7)
#783    ProxyElement.update (package:flutter/src/widgets/framework.dart:6152:5)
#784    Element.updateChild (package:flutter/src/widgets/framework.dart:4037:15)
#785    ComponentElement.performRebuild (package:flutter/src/widgets/framework.dart:5844:16)
#786    Element.rebuild (package:flutter/src/widgets/framework.dart:5532:7)
#787    ProxyElement.update (package:flutter/src/widgets/framework.dart:6152:5)
#788    Element.updateChild (package:flutter/src/widgets/framework.dart:4037:15)
#789    _RawViewElement._updateChild (package:flutter/src/widgets/view.dart:481:16)
#790    _RawViewElement.update (package:flutter/src/widgets/view.dart:568:5)
#791    Element.updateChild (package:flutter/src/widgets/framework.dart:4037:15)
#792    ComponentElement.performRebuild (package:flutter/src/widgets/framework.dart:5844:16)
#793    Element.rebuild (package:flutter/src/widgets/framework.dart:5532:7)
#794    StatelessElement.update (package:flutter/src/widgets/framework.dart:5898:5)
#795    Element.updateChild (package:flutter/src/widgets/framework.dart:4037:15)
#796    ComponentElement.performRebuild (package:flutter/src/widgets/framework.dart:5844:16)
#797    StatefulElement.performRebuild (package:flutter/src/widgets/framework.dart:5985:11)
#798    Element.rebuild (package:flutter/src/widgets/framework.dart:5532:7)
#799    StatefulElement.update (package:flutter/src/widgets/framework.dart:6010:5)
#800    Element.updateChild (package:flutter/src/widgets/framework.dart:4037:15)
#801    RootElement._rebuild (package:flutter/src/widgets/binding.dart:1782:16)
#802    RootElement.update (package:flutter/src/widgets/binding.dart:1760:5)
#803    RootElement.performRebuild (package:flutter/src/widgets/binding.dart:1774:7)
#804    Element.rebuild (package:flutter/src/widgets/framework.dart:5532:7)
#805    BuildScope._tryRebuild (package:flutter/src/widgets/framework.dart:2750:15)
#806    BuildScope._flushDirtyElements (package:flutter/src/widgets/framework.dart:2807:11)
#807    BuildOwner.buildScope (package:flutter/src/widgets/framework.dart:3111:18)
#808    AutomatedTestWidgetsFlutterBinding.drawFrame (package:flutter_test/src/binding.dart:1506:19)
#809    RendererBinding._handlePersistentFrameCallback (package:flutter/src/rendering/binding.dart:495:5)
#810    SchedulerBinding._invokeFrameCallback (package:flutter/src/scheduler/binding.dart:1434:15)
#811    SchedulerBinding.handleDrawFrame (package:flutter/src/scheduler/binding.dart:1347:9)
#812    AutomatedTestWidgetsFlutterBinding.pump.<anonymous closure> (package:flutter_test/src/binding.dart:1335:9)
#815    TestAsyncUtils.guard (package:flutter_test/src/test_async_utils.dart:74:41)
#816    AutomatedTestWidgetsFlutterBinding.pump (package:flutter_test/src/binding.dart:1324:27)
#817    WidgetTester.pumpWidget.<anonymous closure> (package:flutter_test/src/widget_tester.dart:598:22)
#820    TestAsyncUtils.guard (package:flutter_test/src/test_async_utils.dart:74:41)
#821    WidgetTester.pumpWidget (package:flutter_test/src/widget_tester.dart:595:27)
#822    main.<anonymous closure> (file:///C:/Users/rodri/project/Elo/elo/test/screens/bens/bens_screen_test.dart:58:18)
#823    testWidgets.<anonymous closure>.<anonymous closure> (package:flutter_test/src/widget_tester.dart:192:29)
<asynchronous suspension>
#824    TestWidgetsFlutterBinding._runTestBody (package:flutter_test/src/binding.dart:1059:5)
<asynchronous suspension>
<asynchronous suspension>
(elided 5 frames from dart:async and package:stack_trace)

ΓòÉΓòÉΓòÉΓòÉΓòÉΓòÉΓòÉΓòÉΓòÉΓòÉΓòÉΓòÉΓòÉΓòÉΓòÉΓòÉΓòÉΓòÉΓòÉΓòÉΓòÉΓòÉΓòÉΓòÉΓòÉΓòÉΓòÉΓòÉΓòÉΓòÉΓòÉΓòÉΓòÉΓòÉΓòÉΓòÉΓòÉΓòÉΓòÉΓòÉΓòÉΓòÉΓòÉΓòÉΓòÉΓòÉΓòÉΓòÉΓòÉΓòÉΓòÉΓòÉΓòÉΓòÉΓòÉΓòÉΓòÉΓòÉΓòÉΓòÉΓòÉΓòÉΓòÉΓòÉΓòÉΓòÉΓòÉΓòÉΓòÉΓòÉΓòÉΓòÉΓòÉΓòÉΓòÉΓòÉΓòÉΓòÉΓòÉΓòÉΓòÉΓòÉΓòÉΓòÉΓòÉΓòÉΓòÉΓòÉΓòÉΓòÉΓòÉΓòÉΓòÉΓòÉΓòÉΓòÉΓòÉΓòÉΓòÉΓòÉ
ΓòÉΓòÉΓòí EXCEPTION CAUGHT BY FLUTTER TEST FRAMEWORK Γò₧ΓòÉΓòÉΓòÉΓòÉΓòÉΓòÉΓòÉΓòÉΓòÉΓòÉΓòÉΓòÉΓòÉΓòÉΓòÉΓòÉΓòÉΓòÉΓòÉΓòÉΓòÉΓòÉΓòÉΓòÉΓòÉΓòÉΓòÉΓòÉΓòÉΓòÉΓòÉΓòÉΓòÉΓòÉΓòÉΓòÉΓòÉΓòÉΓòÉΓòÉΓòÉΓòÉΓòÉΓòÉΓòÉΓòÉΓòÉΓòÉΓòÉΓòÉΓòÉΓòÉ
The following TestFailure was thrown running a test:
Expected: exactly one matching candidate
  Actual: _TextWidgetFinder:<Found 0 widgets with text "Patrim├┤nio Pessoal": []>
   Which: means none were found but one was expected

When the exception was thrown, this was the stack:
#4      main.<anonymous closure> (file:///C:/Users/rodri/project/Elo/elo/test/screens/bens/bens_screen_test.dart:60:5)
<asynchronous suspension>
#5      testWidgets.<anonymous closure>.<anonymous closure> (package:flutter_test/src/widget_tester.dart:192:15)
<asynchronous suspension>
#6      TestWidgetsFlutterBinding._runTestBody (package:flutter_test/src/binding.dart:1059:5)
<asynchronous suspension>
<asynchronous suspension>
(elided one frame from package:stack_trace)

This was caught by the test expectation on the following line:
  file:///C:/Users/rodri/project/Elo/elo/test/screens/bens/bens_screen_test.dart line 60
The test description was:
  BensScreen displays correct title "Patrim├┤nio Pessoal"
ΓòÉΓòÉΓòÉΓòÉΓòÉΓòÉΓòÉΓòÉΓòÉΓòÉΓòÉΓòÉΓòÉΓòÉΓòÉΓòÉΓòÉΓòÉΓòÉΓòÉΓòÉΓòÉΓòÉΓòÉΓòÉΓòÉΓòÉΓòÉΓòÉΓòÉΓòÉΓòÉΓòÉΓòÉΓòÉΓòÉΓòÉΓòÉΓòÉΓòÉΓòÉΓòÉΓòÉΓòÉΓòÉΓòÉΓòÉΓòÉΓòÉΓòÉΓòÉΓòÉΓòÉΓòÉΓòÉΓòÉΓòÉΓòÉΓòÉΓòÉΓòÉΓòÉΓòÉΓòÉΓòÉΓòÉΓòÉΓòÉΓòÉΓòÉΓòÉΓòÉΓòÉΓòÉΓòÉΓòÉΓòÉΓòÉΓòÉΓòÉΓòÉΓòÉΓòÉΓòÉΓòÉΓòÉΓòÉΓòÉΓòÉΓòÉΓòÉΓòÉΓòÉΓòÉΓòÉΓòÉΓòÉΓòÉΓòÉΓòÉ
ΓòÉΓòÉΓòí EXCEPTION CAUGHT BY FLUTTER TEST FRAMEWORK Γò₧ΓòÉΓòÉΓòÉΓòÉΓòÉΓòÉΓòÉΓòÉΓòÉΓòÉΓòÉΓòÉΓòÉΓòÉΓòÉΓòÉΓòÉΓòÉΓòÉΓòÉΓòÉΓòÉΓòÉΓòÉΓòÉΓòÉΓòÉΓòÉΓòÉΓòÉΓòÉΓòÉΓòÉΓòÉΓòÉΓòÉΓòÉΓòÉΓòÉΓòÉΓòÉΓòÉΓòÉΓòÉΓòÉΓòÉΓòÉΓòÉΓòÉΓòÉΓòÉΓòÉ
The following message was thrown:
Multiple exceptions (2) were detected during the running of the current test, and at least one was
unexpected.
ΓòÉΓòÉΓòÉΓòÉΓòÉΓòÉΓòÉΓòÉΓòÉΓòÉΓòÉΓòÉΓòÉΓòÉΓòÉΓòÉΓòÉΓòÉΓòÉΓòÉΓòÉΓòÉΓòÉΓòÉΓòÉΓòÉΓòÉΓòÉΓòÉΓòÉΓòÉΓòÉΓòÉΓòÉΓòÉΓòÉΓòÉΓòÉΓòÉΓòÉΓòÉΓòÉΓòÉΓòÉΓòÉΓòÉΓòÉΓòÉΓòÉΓòÉΓòÉΓòÉΓòÉΓòÉΓòÉΓòÉΓòÉΓòÉΓòÉΓòÉΓòÉΓòÉΓòÉΓòÉΓòÉΓòÉΓòÉΓòÉΓòÉΓòÉΓòÉΓòÉΓòÉΓòÉΓòÉΓòÉΓòÉΓòÉΓòÉΓòÉΓòÉΓòÉΓòÉΓòÉΓòÉΓòÉΓòÉΓòÉΓòÉΓòÉΓòÉΓòÉΓòÉΓòÉΓòÉΓòÉΓòÉΓòÉΓòÉΓòÉ
00:00 +0 -1: BensScreen displays correct title "Patrim├┤nio Pessoal" [E]
  Test failed. See exception logs above.
  The test description was: BensScreen displays correct title "Patrim├┤nio Pessoal"
  
00:00 +0 -1: (tearDownAll)
00:00 +0 -1: Some tests failed.
